// Jest Snapshot v1, https://goo.gl/fbAQLP

exports[`Renders the Home page 1`] = `
<div>
  <h1>
    Welcome to Our Page
  </h1>
  <p>
    Lorem ipsum dolor sit amet consectetur adipisicing elit. Aliquid, facere sapiente. Distinctio facilis dignissimos, ipsam vero qui asperiores. Sapiente esse cupiditate saepe tempora, eum totam quibusdam voluptatem quae labore aliquid?
  </p>
  <br />
  <p>
    Lorem ipsum dolor sit amet consectetur adipisicing elit. Aliquid, facere sapiente. Distinctio facilis dignissimos, ipsam vero qui asperiores. Sapiente esse cupiditate saepe tempora, eum totam quibusdam voluptatem quae labore aliquid?
  </p>
</div>
`;
